
> bofin-app@0.0.0 build
> tsc -b && vite build

src/components/notesPlans/UnifiedItemModal.tsx(72,3): error TS1117: An object literal cannot have multiple properties with the same name.
src/components/notesPlans/UnifiedItemModal.tsx(76,3): error TS1117: An object literal cannot have multiple properties with the same name.
src/pages/vehicles/VehicleChargingHistory.tsx(258,29): error TS2551: Property 'station_n─âme' does not exist on type 'FuelLogRecord'. Did you mean 'station_name'?
src/pages/vehicles/VehicleChargingHistory.tsx(481,56): error TS2551: Property 'station_n─âme' does not exist on type 'FuelLogRecord'. Did you mean 'station_name'?
src/pages/vehicles/VehicleChargingHistory.tsx(571,85): error TS2551: Property 'station_n─âme' does not exist on type 'FuelLogRecord'. Did you mean 'station_name'?
src/pages/vehicles/VehicleChargingHistory.tsx(622,122): error TS2551: Property 'station_n─âme' does not exist on type 'FuelLogRecord'. Did you mean 'station_name'?
src/pages/vehicles/VehicleChargingHistory.tsx(680,59): error TS2322: Type '{ n─âme: string; rows: number; defaultValue: string; className: string; placeholder: string; }' is not assignable to type 'DetailedHTMLProps<TextareaHTMLAttributes<HTMLTextAreaElement>, HTMLTextAreaElement>'.
  Property 'n─âme' does not exist on type 'DetailedHTMLProps<TextareaHTMLAttributes<HTMLTextAreaElement>, HTMLTextAreaElement>'.
src/pages/vehicles/VehicleFuel.tsx(298,22): error TS2551: Property 'station_n─âme' does not exist on type 'FuelLogRecord'. Did you mean 'station_name'?
src/pages/vehicles/VehicleFuel.tsx(302,61): error TS2551: Property 'station_n─âme' does not exist on type 'FuelLogRecord'. Did you mean 'station_name'?
src/pages/vehicles/VehicleFuel.tsx(388,22): error TS2551: Property 'station_n─âme' does not exist on type 'FuelLogRecord'. Did you mean 'station_name'?
src/pages/vehicles/VehicleFuel.tsx(391,30): error TS2551: Property 'station_n─âme' does not exist on type 'FuelLogRecord'. Did you mean 'station_name'?
src/pages/vehicles/VehicleFuel.tsx(547,25): error TS2551: Property 'station_n─âme' does not exist on type 'FuelLogRecord'. Did you mean 'station_name'?
src/pages/vehicles/VehicleFuel.tsx(955,48): error TS2551: Property 'station_n─âme' does not exist on type 'FuelLogRecord'. Did you mean 'station_name'?
src/pages/vehicles/VehicleFuel.tsx(1432,69): error TS2322: Type '{ type: "radio"; n─âme: string; value: string; checked: boolean; onChange: (e: ChangeEvent<HTMLInputElement>) => void; className: string; }' is not assignable to type 'DetailedHTMLProps<InputHTMLAttributes<HTMLInputElement>, HTMLInputElement>'.
  Property 'n─âme' does not exist on type 'DetailedHTMLProps<InputHTMLAttributes<HTMLInputElement>, HTMLInputElement>'.
src/pages/vehicles/VehicleFuel.tsx(1648,115): error TS2551: Property 'station_n─âme' does not exist on type 'FuelLogRecord'. Did you mean 'station_name'?
src/pages/vehicles/VehicleFuel.tsx(1743,71): error TS2551: Property 'station_n─âme' does not exist on type 'FuelLogRecord'. Did you mean 'station_name'?
src/pages/vehicles/VehicleFuel.tsx(1765,82): error TS2551: Property 'station_n─âme' does not exist on type 'FuelLogRecord'. Did you mean 'station_name'?
src/pages/vehicles/VehicleReports.tsx(267,57): error TS2769: No overload matches this call.
  Overload 1 of 2, '(props: Props, context?: any): string | number | bigint | boolean | ReactElement<unknown, string | JSXElementConstructor<any>> | Iterable<...> | Promise<...> | Component<...> | null | undefined', gave the following error.
    Type '{ dataKey: string; n─âme: string; fill: string; radius: [number, number, number, number]; barSize: number; activeBar: false; style: { outline: string; }; }' is not assignable to type 'IntrinsicAttributes & Partial<BarEvents> & BarProps & Omit<BarSvgProps, keyof BarEvents>'.
      Property 'n─âme' does not exist on type 'IntrinsicAttributes & Partial<BarEvents> & BarProps & Omit<BarSvgProps, keyof BarEvents>'.
  Overload 2 of 2, '(props: Props): string | number | bigint | boolean | ReactElement<unknown, string | JSXElementConstructor<any>> | Iterable<ReactNode> | Promise<...> | Component<...> | null | undefined', gave the following error.
    Type '{ dataKey: string; n─âme: string; fill: string; radius: [number, number, number, number]; barSize: number; activeBar: false; style: { outline: string; }; }' is not assignable to type 'IntrinsicAttributes & Partial<BarEvents> & BarProps & Omit<BarSvgProps, keyof BarEvents>'.
      Property 'n─âme' does not exist on type 'IntrinsicAttributes & Partial<BarEvents> & BarProps & Omit<BarSvgProps, keyof BarEvents>'.
src/pages/vehicles/VehicleReports.tsx(268,64): error TS2769: No overload matches this call.
  Overload 1 of 2, '(props: Props, context?: any): string | number | bigint | boolean | ReactElement<unknown, string | JSXElementConstructor<any>> | Iterable<...> | Promise<...> | Component<...> | null | undefined', gave the following error.
    Type '{ dataKey: string; n─âme: string; fill: string; radius: [number, number, number, number]; barSize: number; activeBar: false; style: { outline: string; }; }' is not assignable to type 'IntrinsicAttributes & Partial<BarEvents> & BarProps & Omit<BarSvgProps, keyof BarEvents>'.
      Property 'n─âme' does not exist on type 'IntrinsicAttributes & Partial<BarEvents> & BarProps & Omit<BarSvgProps, keyof BarEvents>'.
  Overload 2 of 2, '(props: Props): string | number | bigint | boolean | ReactElement<unknown, string | JSXElementConstructor<any>> | Iterable<ReactNode> | Promise<...> | Component<...> | null | undefined', gave the following error.
    Type '{ dataKey: string; n─âme: string; fill: string; radius: [number, number, number, number]; barSize: number; activeBar: false; style: { outline: string; }; }' is not assignable to type 'IntrinsicAttributes & Partial<BarEvents> & BarProps & Omit<BarSvgProps, keyof BarEvents>'.
      Property 'n─âme' does not exist on type 'IntrinsicAttributes & Partial<BarEvents> & BarProps & Omit<BarSvgProps, keyof BarEvents>'.
src/pages/vehicles/VehicleReports.tsx(269,61): error TS2769: No overload matches this call.
  Overload 1 of 2, '(props: Props, context?: any): string | number | bigint | boolean | ReactElement<unknown, string | JSXElementConstructor<any>> | Iterable<...> | Promise<...> | Component<...> | null | undefined', gave the following error.
    Type '{ dataKey: string; n─âme: string; fill: string; radius: [number, number, number, number]; barSize: number; activeBar: false; style: { outline: string; }; }' is not assignable to type 'IntrinsicAttributes & Partial<BarEvents> & BarProps & Omit<BarSvgProps, keyof BarEvents>'.
      Property 'n─âme' does not exist on type 'IntrinsicAttributes & Partial<BarEvents> & BarProps & Omit<BarSvgProps, keyof BarEvents>'.
  Overload 2 of 2, '(props: Props): string | number | bigint | boolean | ReactElement<unknown, string | JSXElementConstructor<any>> | Iterable<ReactNode> | Promise<...> | Component<...> | null | undefined', gave the following error.
    Type '{ dataKey: string; n─âme: string; fill: string; radius: [number, number, number, number]; barSize: number; activeBar: false; style: { outline: string; }; }' is not assignable to type 'IntrinsicAttributes & Partial<BarEvents> & BarProps & Omit<BarSvgProps, keyof BarEvents>'.
      Property 'n─âme' does not exist on type 'IntrinsicAttributes & Partial<BarEvents> & BarProps & Omit<BarSvgProps, keyof BarEvents>'.
src/pages/vehicles/VehicleReports.tsx(289,62): error TS2769: No overload matches this call.
  Overload 1 of 2, '(props: Props, context?: any): string | number | bigint | boolean | ReactElement<unknown, string | JSXElementConstructor<any>> | Iterable<...> | Promise<...> | Component<...> | null | undefined', gave the following error.
    Type '{ dataKey: string; n─âme: string; type: "monotone"; stroke: string; strokeWidth: number; dot: { r: number; fill: string; strokeWidth: number; }; activeDot: { r: number; }; }' is not assignable to type 'IntrinsicAttributes & LineSvgProps & LineProps'.
      Property 'n─âme' does not exist on type 'IntrinsicAttributes & LineSvgProps & LineProps'.
  Overload 2 of 2, '(props: Props): string | number | bigint | boolean | ReactElement<unknown, string | JSXElementConstructor<any>> | Iterable<ReactNode> | Promise<...> | Component<...> | null | undefined', gave the following error.
    Type '{ dataKey: string; n─âme: string; type: "monotone"; stroke: string; strokeWidth: number; dot: { r: number; fill: string; strokeWidth: number; }; activeDot: { r: number; }; }' is not assignable to type 'IntrinsicAttributes & LineSvgProps & LineProps'.
      Property 'n─âme' does not exist on type 'IntrinsicAttributes & LineSvgProps & LineProps'.
